> # no difference
> compare_numeric(1:3, 1:3)
v No differences

> # simple change
> compare_numeric(c(1, 2, 3), c(1, 2))
`x`: 1 2 -3

> compare_numeric(c(1, 2), c(1, 2, 3))
`x`: 1 2 +3

> compare_numeric(c(1, 10, 3), c(1, 2, 3))
`x`: 1 10/2 3

> # FP differences
> x <- c(1, 2, 3)
> compare_numeric(x, x + c(-1, 0, 1) * 0.001)
`x`: 1/0.999 2 3/3.001

> compare_numeric(x, x + c(-1, 0, 1) * 1e-04)
`x`: 1/0.9999 2 3/3.0001

> compare_numeric(x, x + c(-1, 0, 1) * 1e-05)
`x`: 1/0.99999 2 3/3.00001

> compare_numeric(x, x + c(-1, 0, 1) * 1e-06)
`x`: 1/0.999999 2 3/3.000001

> compare_numeric(x, x + c(-1, 0, 1) * 1e-07)
Error in eval(parse(text = text, keep.source = FALSE), envir): object 'path' not found

> compare_numeric(x, x + c(-1, 0, 1) * 1e-08)
v No differences

> compare_numeric(x, x + c(-1, 0, 1) * 1e-09)
v No differences

> compare_numeric(x, x + c(-1, 0, 1) * 1e-10)
v No differences

